// Jest Snapshot v1, https://goo.gl/fbAQLP

exports[`CardSmallText atom component is expected to render the component correctly 1`] = `
<p
  className="sc-bdfBwQ hQsQJW"
/>
`;
