// Jest Snapshot v1, https://goo.gl/fbAQLP

exports[`FormRow atom component is expected to render the component correctly 1`] = `
<div
  className="sc-bdfBwQ ifChW"
/>
`;
