// Jest Snapshot v1, https://goo.gl/fbAQLP

exports[`FormGroup atom component is expected to render the component correctly 1`] = `
<div
  className="sc-bdfBwQ jvAeeR"
/>
`;
