// Jest Snapshot v1, https://goo.gl/fbAQLP

exports[`Input atom component is expected to render the component correctly 1`] = `
<input
  className="sc-bdfBwQ iXezPU"
/>
`;
