// Jest Snapshot v1, https://goo.gl/fbAQLP

exports[`Label atom component is expected to render the component correctly 1`] = `
<label
  className="sc-bdfBwQ bWfdsa"
/>
`;
